// Jest Snapshot v1, https://goo.gl/fbAQLP

exports[`render default 1`] = `
<div>
  Score: 
  2
  /
  4
</div>
`;
