// Jest Snapshot v1, https://goo.gl/fbAQLP

exports[`builds simple maadhi table 1`] = `
Array [
  "فَعَلَ",
  "فَعَلاَ",
  "فَعَلُوا",
  "فَعَلَتْ",
  "فَعَلَتَا",
  "فَعَلْنَ",
  "فَعَلْتَ",
  "فَعَلْتُمَا",
  "فَعَلْتُمْ",
  "فَعَلْتِ",
  "فَعَلْتُمَا",
  "فَعَلْتُنَّ",
  "فَعَلْتُ",
  "فَعَلْنَا",
]
`;

exports[`builds simple maadhi table 2`] = `
Array [
  "فُعِلَ",
  "فُعِلاَ",
  "فُعِلُوا",
  "فُعِلَتْ",
  "فُعِلَتَا",
  "فُعِلْنَ",
  "فُعِلْتَ",
  "فُعِلْتُمَا",
  "فُعِلْتُمْ",
  "فُعِلْتِ",
  "فُعِلْتُمَا",
  "فُعِلْتُنَّ",
  "فُعِلْتُ",
  "فُعِلْنَا",
]
`;
